---
recorded_at: 2026-03-10T13:52:30.146400997-07:00
command: cargo test cli_tests::cli_rejects_legacy_next_ -- --nocapture
---

running 3 tests
test cli_tests::cli_rejects_legacy_next_human_flag_with_migration_guidance ... ok
test cli_tests::cli_rejects_legacy_next_flags_when_role_is_already_present ... ok
test cli_tests::cli_rejects_legacy_next_agent_flag_with_migration_guidance ... ok

test result: ok. 3 passed; 0 failed; 0 ignored; 0 measured; 1454 filtered out; finished in 0.00s


running 0 tests

test result: ok. 0 passed; 0 failed; 0 ignored; 0 measured; 0 filtered out; finished in 0.00s


--- stderr ---
    Blocking waiting for file lock on package cache
    Blocking waiting for file lock on package cache
    Blocking waiting for file lock on package cache
    Blocking waiting for file lock on package cache
    Blocking waiting for file lock on shared package cache
    Finished `test` profile [unoptimized + debuginfo] target(s) in 0.13s
     Running unittests src/lib.rs (/home/alex/.cache/cargo-target/keel/debug/deps/keel-bec18a36668a42b8)
     Running unittests src/main.rs (/home/alex/.cache/cargo-target/keel/debug/deps/keel-47d592d61f9cdeea)
