---
recorded_at: 2026-04-12T22:42:00.509956527-07:00
command: cargo test mission_stack_absent_repo_is_noop --lib
---

running 1 test
test read_model::mission_stack::tests::mission_stack_absent_repo_is_noop ... ok

test result: ok. 1 passed; 0 failed; 0 ignored; 0 measured; 975 filtered out; finished in 0.00s


running 0 tests

test result: ok. 0 passed; 0 failed; 0 ignored; 0 measured; 12 filtered out; finished in 0.00s


running 0 tests

test result: ok. 0 passed; 0 failed; 0 ignored; 0 measured; 5 filtered out; finished in 0.00s


running 0 tests

test result: ok. 0 passed; 0 failed; 0 ignored; 0 measured; 5 filtered out; finished in 0.00s


--- stderr ---
    Blocking waiting for file lock on package cache
    Blocking waiting for file lock on package cache
    Blocking waiting for file lock on package cache
    Blocking waiting for file lock on build directory
    Finished `test` profile [unoptimized + debuginfo] target(s) in 0.19s
     Running unittests src/lib.rs (/home/alex/.cache/cargo-target/keel/debug/deps/keel_core-f08e595bc9464ee0)
     Running unittests src/lib.rs (/home/alex/.cache/cargo-target/keel/debug/deps/speccy-096fc9730b9d084e)
     Running unittests src/lib.rs (/home/alex/.cache/cargo-target/keel/debug/deps/spoke_auth-67129a2546a49f05)
     Running unittests src/lib.rs (/home/alex/.cache/cargo-target/keel/debug/deps/txt_scene-b8e2f6d5ce1c377f)
