---
recorded_at: 2026-04-12T22:13:33.230539184-07:00
mode: manual
files: ["ARCHITECTURE.md", "website/docs/foundations/planning-and-verification.mdx"]
---

--- File: ARCHITECTURE.md ---
# Keel Architecture

This document describes the current architecture of `keel`: the normalized DDD layer layout, the 2-queue pull model, entity state machines, and transition gating.

## Scope

This document is the implementation contract for source layout, dependency boundaries, runtime flows, and state-machine behavior. Governance philosophy and document hierarchy are defined upstream in `README.md` and `AGENTS.md`.

## Layered Source Layout

Keel now uses five explicit source roots under `src/`:

| Root | Responsibility | Key Modules |
|------|----------------|-------------|
| `src/cli` | CLI adapters, command handlers, terminal formatting, queue display | `commands/**`, `presentation/flow/**`, `style.rs`, `table.rs` |
| `src/application` | Use-case orchestration and process manager behavior | `story_lifecycle.rs`, `voyage_epic_lifecycle.rs`, `process_manager.rs` |
| `src/domain` | Core entities, policies, state machines, transition rules | `model/**`, `policy/**`, `state_machine/**`, `transitions/**` |
| `src/infrastructure` | Filesystem adapters, parsers, templates, verification runners, generation | `loader.rs`, `parser.rs`, `templates.rs`, `validation/**`, `verification/**`, `generate/**`, `config.rs` |
| `src/read_model` | Query-side projections and derived views for flow, capacity, evidence, knowledge | `flow_status.rs`, `capacity.rs`, `queue_policy.rs`, `traceability.rs`, `evidence.rs`, `knowledge/**` |

Entry and test roots:
- `src/lib.rs` wires the five layer roots (`cli`, `application`, `domain`, `infrastructure`, `read_model`).
- `src/main.rs` is a thin binary bootstrap that delegates to `keel::cli::run()`.
- `src/*_tests.rs` files at root are test-only modules.

## Architecture Diagrams

### 1) Layer Dependency Map

```mermaid
flowchart TB
    subgraph Entry["Entry"]
        MAIN["main.rs"]
    end

    subgraph Runtime["CLI Runtime"]
        RUN["keel::cli::run()"]
        CLI["cli"]
    end

    subgraph Wiring["Crate Wiring"]
        LIB["lib.rs (layer wiring)"]
    end

    subgraph Core["Core"]
        APP["application"]
        DOMAIN["domain"]
    end

    subgraph Support["Support"]
        INFRA["infrastructure"]
        RM["read_model"]
    end

    MAIN --> RUN
    RUN --> CLI

    LIB --> CLI
    LIB --> APP
    LIB --> DOMAIN
    LIB --> INFRA
    LIB --> RM

    CLI --> APP
    CLI --> DOMAIN
    CLI --> INFRA
    CLI --> RM

    APP --> DOMAIN
    APP --> INFRA
    INFRA --> DOMAIN
    RM --> DOMAIN
```

### 2) Command Execution Path (Typical Story Command)

```mermaid
sequenceDiagram
    participant U as User
    participant C as CLI Command (src/cli/commands/**)
    participant A as Application Service (src/application/**)
    participant I as Infrastructure (src/infrastructure/**)
    participant D as Domain Gates/Transitions (src/domain/**)
    participant R as Read Models (src/read_model/**)

    U->>C: keel story start <id>
    C->>A: delegate use-case
    A->>I: load board/files
    A->>D: enforce transition + evaluate gates
    D-->>A: allow/block findings
    A->>I: persist transition effects
    A->>R: refresh projections (when needed)
    A-->>C: outcome DTO/result
    C-->>U: rendered output
```

### 3) Queue and Story Lifecycle View

```mermaid
flowchart LR
    subgraph AgentQueue["Agent Queue"]
        B["backlog"]
        IP["in-progress"]
    end

    subgraph HumanQueue["Human Queue"]
        NHV["needs-human-verification"]
    end

    B -->|story start| IP
    IP -->|story submit| NHV
    NHV -->|story accept| D["done"]
    NHV -->|story reject| RJ["rejected"]
    IP -->|story ice| IX["icebox"]
    IX -->|story thaw| B
```

## Bounded Context Ownership Map

This map describes logical ownership by business context while using the normalized physical layers.

| Context | Responsibility | Primary Modules |
|---------|----------------|-----------------|
| `governance` | ADR lifecycle, role taxonomy, constitutional constraints | `src/cli/commands/management/adr/**`, `src/domain/model/taxonomy.rs`, `src/domain/state_machine/invariants.rs` |
| `work-management` | Story/voyage/epic lifecycle orchestration and transitions | `src/cli/commands/management/story/**`, `src/cli/commands/management/voyage/**`, `src/cli/commands/management/epic/**`, `src/application/**`, `src/domain/state_machine/**`, `src/domain/transitions/**` |
| `research` | Bearing discovery, play workflow, and synthesis inputs | `src/cli/commands/management/bearing/**`, `src/cli/commands/management/play.rs`, `src/read_model/knowledge/**` |
| `verification` | Verified Spec Driven Development (VSDD): Evidence capture, structural checks, command proof execution | `src/cli/commands/management/verify.rs`, `src/cli/commands/diagnostics/doctor/**`, `src/infrastructure/verification/**`, `src/infrastructure/validation/**`, `src/read_model/evidence.rs`, `src/read_model/traceability.rs` |
| `read-model` | Flow/capacity projections and queue-policy facades | `src/read_model/**`, consumed by `src/cli/presentation/flow/**` and `src/cli/commands/management/next_support/**` |

Boundary rules:
- Each production source file belongs to exactly one layer root.
- CLI modules are adapters: parse input, delegate, render output.
- Read-model modules are query-side projection code, not transition actuators.
- Domain rules are centralized in domain policies/state machines/transitions and reused by command and reporting paths.

## Enforced Architecture Contracts

`src/architecture_contract_tests.rs` enforces key boundaries:

- `main.rs` must remain a minimal bootstrap adapter that delegates to `keel::cli::run()`.
- `main.rs` must not depend on `domain`, `application`, `infrastructure`, or `read_model` directly.
- `lib.rs` must declare only the normalized layer roots: `cli`, `application`, `domain`, `infrastructure`, and `read_model`.
- Legacy top-level module families (for example old `src/commands`, `src/model`, `src/loader.rs`) must not exist.
- Diagnostic adapters must not bypass into unrelated lifecycle command modules.
- Read-model projection files must not import CLI command handlers or domain transition execution.
- Queue policy consumers must use the shared read-model API.

These tests are the executable architecture specification.

## Keeper Boundary and External Mission Requests

This boundary is foundational, but it is not the default onboarding path for a
single local repo. Today, most planning still enters Keel through direct
`mission`, `epic`, `voyage`, and `story` commands. The cross-runtime
architecture contract is:

| Concern | Keel | Keeper or another runtime |
|---------|------|---------------------------|
| Planning truth | Canonical source of missions, epics, voyages, stories, and authored artifacts | Must not invent board state outside Keel commands |
| Provider ingress | Consumes normalized requests only | Polls providers, authenticates, tracks revisions, and normalizes payloads |
| Routing and execution | Exposes the board state and lane contract | Owns runtime routing, leases, execution, and replay |
| Acknowledgement | Owns request semantics and acknowledgement content contract | Delivers comments, statuses, or provider-facing responses |
| Audit and security | Defines which transitions matter and what evidence is required | Produces checkpoint evidence and applies stronger multiplayer policies at the boundary |

Documented ingress path:
- External requests lower into a provider-neutral mission request envelope.
- The first provider shape is a GitHub issue whose title begins
  `Keel Mission Request:`.
- The documented command boundary is a native `keel mission request ...`
  namespace for parse, validate, draft, apply, and acknowledgement composition.
- Until that namespace ships, external runtimes should preserve the same
  normalized envelope and lower into ordinary planning commands rather than
  writing `.keel` artifacts directly.

Documented multiplayer security boundary:
- Backend adapters should expose append, checkpoint, inclusion-proof, and
  consistency-proof operations so Keel remains backend-agnostic.
- Transit is therefore an optional strong backend, not a hard dependency.
- Threshold attestation belongs on high-consequence transitions and published
  checkpoints, not on every event in a local turn loop.

Architectural consequence:
- Provider-specific payloads stop at the runtime boundary.
- Keel remains authoritative for planning semantics.
- Stronger audit and attestation behavior is attached at the runtime boundary
  without changing the board model for ordinary single-repo use.

## Mission Stack Execution Contract

Mission requests define ingress into another reactor. **Mission Stack** defines
execution across multiple Keel boards after ingress succeeds.

The architectural contract is:

| Concern | Member Repository | Stack Steward / Peer Reactor |
|---------|-------------------|------------------------------|
| Stewardship | Participates as one governed stack member | Coordinates stack mode, member order, and handoff intent without taking board authority away from members |
| Board authority | Owns and mutates only its own `.keel` state | Must not mutate another repo's board directly |
| Mission lineage | Materializes local mission/request lineage after accepting stack work | Requests negotiation outcomes but does not write local lineage into another repo |
| Stack branch | Works on `stack/<id>` for stack-linked changes | Uses the same branch convention when coordinating handoff |
| Local closure | Seals local work at commit time | Consumes the sealed result as input for the next negotiation |
| Handoff | Exposes git-native receipt data such as stack id, repo identity, branch, head sha, and optional checkpoint or role context | Routes the next move from pushed receipt plus stack mode |
| Foreign execution | Allows outside work only through a managed git worktree | Must enter the target repo through that managed worktree, never the primary checkout |
| Heartbeat | Keeps pacemaker and board charge repo-local | Reads stack state from separate stack-aware projections rather than redefining `heartbeat` |

Stack modes govern when a member may act:
- `exclusive(<repo>)` allows one active member repo
- `shared([repos...])` allows an explicit parallel work window
- `checkpoint(<name>, members...)` pauses forward progress until required
  members acknowledge the integration boundary

Canonical handoff sequence:
- local work executes inside the current member repo
- commit seals the local result
- push publishes `stack/<id>` as the inter-reactor handoff
- the pushed receipt carries git-native identity fields for the next negotiation
- the target reactor materializes its own local mission lineage before taking
  the next turn
- acknowledgment or integration closes the handoff and yields to the next stack
  mode decision

Foreign execution rule:
- outside execution in another member repo MUST use a managed git worktree
- that worktree MUST target `stack/<id>` or an approved stack-derived head
- the primary checkout of the member repo is never the foreign execution target
- managed worktrees persist for the open stack lifecycle and are garbage-collected
  when the stack closes, with fail-safe reporting for ambiguous leftovers

Architectural consequence:
- repo-local heartbeat semantics remain repo-local
- stack readiness and gating belong to separate stack-aware read models
- command and hook enforcement can reject unsupported foreign execution without
  redefining the single-repo pacemaker contract

Stack-aware operator surface contract:
- `keel turn` text output should add stack id, current stack branch, local
  member role, current stack mode, and checkpoint status when the repo
  participates in a Mission Stack
- `keel turn --json` should mirror the same Mission Stack facts in a dedicated
  stack block instead of overloading heartbeat state
- `keel next` should emit deterministic stack-aware outcomes for continue-local,
  yield-to-peer, and stack-blocked states so gated repos can tell whether they
  may act
- `keel next --json` should expose the same routing result in machine-readable
  form rather than hiding stack gates in prose only
- `keel mission next --status` should surface linked member missions, pending
  negotiations, and waiting pushed receipts that matter to the current repo
- `keel mission next --status --json` should carry the same linked-member and
  handoff facts for automation
- `keel doctor` should report wrong-branch, unauthorized-active-member,
  missing-checkpoint-acknowledgment, or unsupported-foreign-execution states as
  Mission Stack violations
- `keel doctor --json` should emit the same Mission Stack violations as
  structured diagnostics with stable violation kinds
- non-stack repos should keep the current single-repo experience
- `keel heartbeat` remains repo-local even when neighboring surfaces become
  stack-aware

## Workflow Lane Pull System

Keel coordinates work through configurable workflow lanes with a pull model. The topology is fully defined and overridable in `keel.toml` using `[workflow.defaults]`, `[roles]`, and `[lanes]` sections.

The zero-config topology seeds:

| Lane | Selected Sources | Default Role | Purpose |
|------|------------------|--------------|---------|
| `management` | `bearing.*`, `voyage.draft`, `story.needs-human-verification` | `manager` | Planning, triage, calibration, acceptance |
| `delivery` | `story.backlog`, `story.in-progress` | `operator` | Active delivery work |

Pull commands:
- `keel next --role manager`: management lane only (never returns implementation `Work`).
- `keel next --role <role>`: pull work from the lane associated with the role family.
- `keel next --role operator`: delivery lane (`in-progress` then `backlog`).
- `keel roles`: inspect the resolved role families, lanes, and operational contracts.
- `keel next --role <role> --explain`: explain why a role resolves to a lane and queue behavior.
- `keel turn`: expose the same routing model inside the canonical turn loop.
- `keel next` requires `--role`; there is no implicit management-lane fallback.
- `keel flow`: visual dashboard using the same queue policy semantics plus topology-resolved lane cards.

Config-driven mapping:
- Every role (e.g., `operator/software`) resolves to a **Role Family** (e.g., `operator`).
- Each Role Family has a configured `default_lane` in `keel.toml`.
- Lanes filter entities by status and source (e.g., `story.backlog`).
- `keel flow` renders lanes in priority order.

Canonical queue policy location:
- Core thresholds and categories: `src/domain/policy/queue.rs`.
- Shared read facade: `src/read_model/queue_policy.rs`.

| Constant | Value | Behavior |
|----------|-------|----------|
| `HUMAN_NEXT_VERIFY_BLOCK_THRESHOLD` | 5 | Human `keel next` blocks new work when verification queue is `>= 5`. |
| `FLOW_VERIFY_BLOCK_THRESHOLD` | 20 | Flow enters `VERIFY_BLOCKED` when verification queue is `> 20`. |

Verification queue categories are shared across command and flow paths:
- `Empty` when queue is `0`.
- `Attention` when queue is `1..4`.
- `HumanBlocked` when queue is `5..20` (blocks human `keel next`).
- `FlowBlocked` when queue is `> 20` (blocks flow and human `keel next`).

### Flow Circuit Assessment

`keel flow` does not use raw `DoctorReport::total_errors()` as its only fuse. The power-circuit judgment combines:

- working-hours gating from config
- derived heartbeat state
- canonical `FlowMetrics`
- doctor findings
- workflow topology and manual-accept pressure

Blocking rule:

- non-transitional doctor errors remain hard blocking
- transitional mission-intake findings (`MissionMissingChildren`, `MissionActiveNoWork`) may be suppressed up to the current entity-creation pressure
- entity-creation pressure is derived from incomplete missions plus planning and research queues
- that suppression only exists while the heartbeat is energized

Architectural consequence: `keel doctor` remains the pathology report, while `keel flow` is a readiness projection that can tolerate live upstream entity creation without declaring an immediate board-wide shutdown.

Management-lane `keel next --role <management-role>` decision set is constrained to:
`decision`, `accept`, `research`, `needs-stories`, `needs-planning`, `blocked`, `empty`.
It never returns `Work`.

## Canonical Operator Projections

Keel's public operator vocabulary is defined in shared read models rather than duplicated across CLI handlers.

- `crates/keel-core/src/read_model/command_catalog.rs` owns the canonical command taxonomy, docs slugs, turn-phase hints, and scene capability metadata.
- `crates/keel-core/src/read_model/turn_loop.rs` owns the canonical `Orient -> Inspect -> Pull -> Ship -> Close` projection exposed by `keel turn`.
- `crates/keel-core/src/read_model/scene_contracts.rs` defines which engine signals each public `--scene` surface is allowed to represent.
- `crates/keel-core/src/read_model/role_routing.rs` owns the role-and-lane explanation surfaced by `keel roles` and `keel next --explain`.

Architectural consequence:
- CLI help, routing guidance, scene discovery, and docs drift guards should consume these projections instead of re-declaring parallel taxonomies in command handlers.

## World Map Projection

`keel topology` is not a tree printer. It renders the board as a `subtree-weighted orbit map`.

Projection contract:
- The world node sits at the center.
- Concentric rings represent progressively deeper entity layers.
- Angular span is allocated by subtree weight so larger branches occupy more of the circle.
- Zoom levels reveal deeper tactical layers in order: `world -> mission -> epic -> voyage -> story`.
- Focused views preserve the same layout model while filtering to one branch.
- Interactive mode is the default on a TTY; `--static` keeps the rendering snapshot-friendly for harnesses and logs.

Implementation ownership:
- `src/read_model/world_map.rs` builds the canonical world-map projection and zoom slices.
- `src/cli/presentation/topology.rs` lays out and renders the subtree-weighted orbit map.
- `src/cli/commands/management/topology.rs` owns the interactive terminal loop and static command surface.

This projection gives Keel a stable spatial metaphor for board state: strategic entities stay closer to the center, tactical entities move outward, and denser parts of the board naturally claim more visual territory.

## Command and Control Architecture

| Layer | Responsibility | Location |
|-------|----------------|----------|
| Actuators | User-facing commands that trigger behavior | `src/cli/commands/**` |
| Safety (Gates) | Transition legality and gate evaluators | `src/domain/state_machine/gating.rs`, `src/domain/state_machine/enforcement.rs` |
| Visibility (Queues) | Queue and flow presentation and ranking | `src/cli/commands/management/next_support/**`, `src/cli/presentation/flow/**`, `src/read_model/**` |

### Core Primitives

1. Bearings: `src/cli/commands/management/bearing/**`
2. Epics: `src/cli/commands/management/epic/**`
3. Voyages: `src/cli/commands/management/voyage/**`
4. Stories: `src/cli/commands/management/story/**`
5. ADRs: `src/cli/commands/management/adr/**`

## Entity State Machines

Each entity has a formal lifecycle.

### Story State Machine

```
backlog -> in-progress -> needs-human-verification -> done
                 \-> icebox
needs-human-verification -> rejected
```

### Voyage State Machine

```
draft -> planned -> in-progress -> done
```

### Bearing State Machine

```
exploring -> evaluating -> ready -> laid
                    \-> parked
                    \-> declined
```

## Verified Spec Driven Development (VSDD)

VSDD is the core methodology implemented by Keel's architectural patterns. It mandates that transitions in the entity state machines are gated by **verifiable evidence**.

### The Specification-Evidence Loop

1.  **Specification**: Authors define requirements in `SRS.md` and acceptance criteria in story `README.md`.
2.  **Implementation**: Operators (agents or humans) write code to satisfy the criteria.
3.  **Verification**: The `verification` context executes structured proofs (commands, tests, or judges) and records the output as immutable **Evidence**.
4.  **Transition**: The `domain` gating logic only allows terminal transitions (e.g., `InProgress` → `Done`) when the evidence chain for all linked requirements is complete and valid.

This loop ensures that the "Definition of Done" is not a checklist, but an executable proof.

## Gating Architecture

Domain constraints are enforced via reusable gate evaluators in `src/domain/state_machine/gating.rs`.

Transitions are mediated by enforcement logic in `src/domain/state_machine/enforcement.rs`.

Typical runtime call flow:
1. CLI actuator (for example `src/cli/commands/management/story/start.rs`) receives a command.
2. Application or command adapter loads board state via infrastructure services.
3. Domain enforcement/gating validates legality and requirements.
4. Transition and persistence proceed only when blocking findings are absent.
5. Readme/report regeneration runs as follow-on side effect where applicable.

Runtime command entry points that rely on gate logic include:
- `src/cli/commands/management/story/start.rs`
- `src/cli/commands/management/voyage/start.rs`
- `src/cli/commands/management/voyage/plan.rs`
- `src/cli/commands/management/voyage/done.rs`

Doctor/reporting paths reuse the same underlying domain rules for coherence diagnostics:
- `src/cli/commands/diagnostics/doctor/**`

### Derived Implementation Dependencies

Implementation dependency ordering is derived from SRS traceability:
- Stories annotate acceptance criteria with `[SRS-XX/AC-YY]`.
- Dependencies are inferred from SRS requirement order within a voyage scope.
- This enables automatic parallel-safe selection in `keel next --role operator --parallel`.

Implementation location:
- `src/read_model/traceability.rs`

## Application Reactor Pipeline

Cross-aggregate lifecycle automation lives in the application layer, not in CLI
adapters or domain entities. The canonical path is:

1. A lifecycle service or command adapter completes an existing transition and emits a `DomainEvent`.
2. `src/application/process_manager.rs` dispatches that event through explicit application-layer reactors.
3. Reactors plan follow-up `ProcessAction`s that reuse the existing lifecycle services.

This preserves current CLI semantics: commands remain thin adapters that
delegate into application services, while reactor rules stay in
`src/application/**` and do not move into `src/cli/**` or `src/domain/**`.

## Flow State Machine

Flow health is derived from queue depths and thresholds.

States:
- `HEALTHY_FLOW`
- `AGENT_STARVED`
- `VERIFY_BLOCKED`
- `PIPELINE_EMPTY`

Primary behavior:
- Verification queue pressure can block human pull behavior.
- Empty/low-ready conditions surface planning actions.
- Flow state is computed, not manually set.

## Knowledge and Memory System

Knowledge lifecycle:
1. Story reflection in `REFLECT.md`.
2. Voyage-level synthesis into `KNOWLEDGE.md`.
3. Trend detection by knowledge navigator.
4. Context surfacing during pull/start actions.

Module locations:
- Scanning/model/navigation: `src/read_model/knowledge/**`
- Synthesis generation: `src/infrastructure/generate/knowledge_synthesis.rs`
- CLI views: `src/cli/commands/management/knowledge/**`

## Current Module Structure

```text
src/
├── lib.rs
├── application/
├── cli/
│   ├── commands/
│   │   ├── diagnostics/
│   │   ├── management/
│   │   └── setup/
│   ├── command_tree.rs
│   ├── presentation/
│   │   └── flow/
│   └── runtime.rs
├── domain/
│   ├── model/
│   ├── policy/
│   ├── state_machine/
│   └── transitions/
├── infrastructure/
│   ├── generate/
│   ├── validation/
│   └── verification/
├── read_model/
│   └── knowledge/
└── main.rs
```


--- File: planning-and-verification.mdx ---
---
title: Keel Planning And Verification
sidebar_label: Planning And Verification
description: Understand how Keel freezes constraints before execution and why stories close with proof instead of narrative.
---

import SignalGrid from '@site/src/components/SignalGrid';

export const loopSignals = [
  {
    eyebrow: 'Plan First',
    title: 'Voyages define the delivery contract',
    body:
      'SRS and SDD documents exist to reduce ambiguity before the delivery lane begins consuming stories.',
  },
  {
    eyebrow: 'Verify Continuously',
    title: 'Evidence is attached at story level',
    body:
      'Acceptance criteria are backed by commands, files, or manual proof recorded on the story bundle.',
  },
  {
    eyebrow: 'Gate Closure',
    title: 'Acceptance requires an explicit role',
    body:
      'Keel does not treat submission and acceptance as the same thing. Review authority stays visible.',
  },
];

Keel is opinionated about planning because it wants execution to be fast. Tight plans reduce improvisation later. It is opinionated about verification because "looks done to me" is not a durable collaboration protocol.

<SignalGrid items={loopSignals} />

## The planning chain

The planning path flows downward:

1. A mission declares the long-running objective.
2. An epic defines the problem statement in a PRD.
3. A voyage captures requirements in `SRS.md` and design decisions in `SDD.md`.
4. Stories inherit that context and turn it into executable slices.

Typical planning commands:

```bash
keel mission new "Launch public docs"
keel epic new --problem "Readers cannot orient quickly." "Teach the first-use path"
keel voyage new --epic EPIC-ID --goal "Ship guided onboarding." "Narrative onboarding"
keel voyage plan VOYAGE-ID
```

The goal is not paperwork for its own sake. The goal is to make later execution more exact.

## The verification chain

The verification loop flows upward:

1. Record proof against acceptance criteria.
2. Submit the story for acceptance.
3. Accept it with an explicit role.
4. Let the parent voyage and epic inherit a trustworthy closure signal.

Typical proof and acceptance commands:

```bash
keel story record STORY-ID --ac 1 --cmd "cargo test"
keel story record STORY-ID --ac 2 --msg "Manual UX review completed."
keel story submit STORY-ID
keel story accept --role manager STORY-ID
```

Use command proof when the criterion is executable. Use manual proof when the judgment is inherently human.

## Diagnostics are part of the loop

Two surfaces matter constantly:

```bash
keel doctor
keel doctor --json
keel verify recommend
```

- `keel doctor` tells you whether the board has drifted structurally
- in a Mission Stack repo, `keel doctor` should also report stack violations
  such as wrong branch, unauthorized active member, missing checkpoint
  acknowledgment, or unsupported foreign execution state
- `keel doctor --json` should expose those same violations as structured
  diagnostics instead of prose only
- `keel verify recommend` shows which verification techniques are active or detected for the current context

The important part is not any one subcommand. It is the habit of making verification visible before work is declared complete.

## Why this matters for human/AI teams

Human and AI collaborators can move fast together, but only if the boundary between "planned," "implemented," and "verified" is explicit.

Keel makes that boundary hard to ignore:

- planning artifacts constrain execution
- stories carry acceptance criteria
- evidence attaches to those criteria
- acceptance remains an explicit act

That is the difference between an operating model and a chat transcript.

