---
recorded_at: 2026-03-26T08:57:35.671092128-07:00
command: cargo test -p speccy
---

running 11 tests
test tests::last_duplicate_mutation_wins ... ok
test tests::remove_deletes_existing_key ... ok
test tests::render_body_strips_frontmatter_when_present ... ok
test tests::render_body_from_catalog_supports_loaded_templates ... ok
test tests::render_from_catalog_loads_named_template ... ok
test tests::render_from_catalog_with_mutations_updates_frontmatter_once ... ok
test tests::render_replaces_placeholders ... ok
test tests::render_with_hooks_propagates_failures ... ok
test tests::render_with_hooks_resolves_missing_tokens ... ok
test tests::set_inserts_missing_key_before_closing_delimiter ... ok
test tests::set_replaces_existing_key ... ok

test result: ok. 11 passed; 0 failed; 0 ignored; 0 measured; 0 filtered out; finished in 0.00s


running 0 tests

test result: ok. 0 passed; 0 failed; 0 ignored; 0 measured; 0 filtered out; finished in 0.00s


--- stderr ---
    Finished `test` profile [unoptimized + debuginfo] target(s) in 0.04s
     Running unittests src/lib.rs (/home/alex/.cache/cargo-target/keel/debug/deps/speccy-9c6d6899b7e63a1d)
   Doc-tests speccy
