---
recorded_at: 2026-03-12T21:13:51.702779205-07:00
command: /tmp/keel-story-proof.sh
---

running 0 tests

test result: ok. 0 passed; 0 failed; 0 ignored; 0 measured; 915 filtered out; finished in 0.00s


running 6 tests
Attached bearing B1 to mission M1
test cli::commands::management::mission::attach::tests::attach_fails_if_bearing_is_missing ... ok
Attached bearing B1 to mission M1
test cli::commands::management::mission::attach::tests::attach_fails_if_mission_is_missing ... ok
test cli::commands::management::mission::attach::tests::attach_fails_if_bearing_already_assigned_to_same_mission ... ok
test cli::commands::management::mission::attach::tests::attach_fails_if_bearing_is_assigned_to_other_mission ... ok
Board updated
Board updated
test cli::commands::management::mission::attach::tests::attach_adds_mission_to_bearing ... ok
Activated mission: M1
test cli::commands::management::mission::attach::tests::attach_followed_by_activate_uses_mission_owned_bearing ... ok

test result: ok. 6 passed; 0 failed; 0 ignored; 0 measured; 673 filtered out; finished in 0.01s


--- stderr ---
    Finished `test` profile [unoptimized + debuginfo] target(s) in 0.08s
     Running unittests src/lib.rs (/home/alex/.cache/cargo-target/keel/debug/deps/keel-91f00e5c964d2a6a)
     Running unittests src/main.rs (/home/alex/.cache/cargo-target/keel/debug/deps/keel-8a8ff4aefdd88aa0)
