---
recorded_at: 2026-03-10T13:29:51.908321609-07:00
command: cargo test domain::model::taxonomy::tests::parse_ -- --nocapture
---

running 9 tests
test domain::model::taxonomy::tests::parse_empty_returns_error ... ok
test domain::model::taxonomy::tests::parse_context ... ok
test domain::model::taxonomy::tests::parse_level ... ok
test domain::model::taxonomy::tests::parse_full_taxonomy_string ... ok
test domain::model::taxonomy::tests::parse_multiple_tags ... ok
test domain::model::taxonomy::tests::parse_role_only ... ok
test domain::model::taxonomy::tests::parse_role_with_specialization ... ok
test domain::model::taxonomy::tests::parse_single_tag ... ok
test domain::model::taxonomy::tests::parse_style ... ok

test result: ok. 9 passed; 0 failed; 0 ignored; 0 measured; 1446 filtered out; finished in 0.00s


running 0 tests

test result: ok. 0 passed; 0 failed; 0 ignored; 0 measured; 0 filtered out; finished in 0.00s


--- stderr ---
    Finished `test` profile [unoptimized + debuginfo] target(s) in 0.06s
     Running unittests src/lib.rs (/home/alex/.cache/cargo-target/keel/debug/deps/keel-bec18a36668a42b8)
     Running unittests src/main.rs (/home/alex/.cache/cargo-target/keel/debug/deps/keel-47d592d61f9cdeea)
